=== 测试优惠引擎 ===
测试1: 仅优惠券
  基础: 100, 优惠: 30.0, 最终: 70.0
  会员折扣: 0, 优惠券折扣: 30.0

测试2: 金卡会员 + 优惠券
  基础: 100, 优惠: 39.0, 最终: 61.0
  会员折扣: 10.0, 优惠券折扣: 29.0
  计算步骤:
    原始金额: ¥100.00
    [步骤1] 金卡会员(9.0折): 减免 ¥10.00，当前金额 ¥90.00
    [步骤2] 使用9折券(DISC10): 折扣 ¥9.00，当前金额 ¥81.00
    [步骤3] 使用满50减20(OFF20): 满减 ¥20.00，当前金额 ¥61.00
    优惠合计: ¥39.00，最终应付: ¥61.00

测试3: 钻石会员 + 优惠券
  基础: 100, 优惠: 43.5, 最终: 56.5
  会员折扣: 15.0, 优惠券折扣: 28.5

=== 优惠引擎测试通过 ===

=== 测试数据库升级 ===
  数据库升级成功!

  等级折扣映射:
    普通会员: 10.0折
    银卡会员: 9.5折
    金卡会员: 9.0折
    钻石会员: 8.5折

=== 数据库测试通过 ===

=== 测试会员服务 ===
  获取储值套餐:
    充200送20: 充200.0送20.0
    充500送50: 充500.0送50.0
    充1000送120: 充1000.0送120.0
    充2000送300: 充2000.0送300.0
    充5000送800: 充5000.0送800.0
  获取会员等级折扣:
    普通会员: 10.0折
    银卡会员: 9.5折
    金卡会员: 9.0折
    钻石会员: 8.5折

=== 会员服务测试通过 ===

✅ 所有测试完成!
